Running timer as unit: authbc-revert.timer
Will run service as unit: authbc-revert.service
Running timer as unit: authbc-reboot.timer
Will run service as unit: authbc-reboot.service
[2026-08-05T18:37:05+03:00] deadmen armed: revert 800 s, reboot 1100 s | role=tx freq=5180 mode=full
[2026-08-05T18:37:22+03:00] type:  	type IBSS 	channel 36 (5180 MHz), width: 20 MHz, center1: 5180 MHz 
[2026-08-05T18:37:22+03:00] link:  Joined IBSS 52:d2:79:6c:1a:4d (on wlan0) 	SSID: authbc-mesh 
[2026-08-05T18:37:22+03:00] addr:  inet 10.0.0.1 
[2026-08-05T18:37:24+03:00] PEER 10.0.0.2 REACHABLE — link formed at 5180 MHz
{"sent": 2200, "achieved_fps": 100.0}
[2026-08-05T18:38:13+03:00] window 00_A_100fps done
{"sent": 2200, "achieved_fps": 100.0}
[2026-08-05T18:38:43+03:00] window 01_A_100fps done
{"sent": 2200, "achieved_fps": 100.0}
[2026-08-05T18:39:13+03:00] window 02_A_100fps done
{"sent": 2200, "achieved_fps": 100.0}
[2026-08-05T18:39:43+03:00] window 03_A_100fps done
{"sent": 2200, "achieved_fps": 100.0}
[2026-08-05T18:40:13+03:00] window 04_A_100fps done
{"sent": 2200, "achieved_fps": 100.0}
[2026-08-05T18:40:44+03:00] window 05_A_100fps done
{"sent": 2200, "achieved_fps": 100.0}
[2026-08-05T18:41:13+03:00] window 06_A_100fps done
{"sent": 2200, "achieved_fps": 100.0}
[2026-08-05T18:41:43+03:00] window 07_A_100fps done
{"sent": 600, "achieved_fps": 50.0}
[2026-08-05T18:42:03+03:00] window 08_B_50fps done
{"sent": 1200, "achieved_fps": 100.0}
[2026-08-05T18:42:23+03:00] window 09_B_100fps done
{"sent": 2400, "achieved_fps": 200.0}
[2026-08-05T18:42:43+03:00] window 10_B_200fps done
{"sent": 3600, "achieved_fps": 300.0}
[2026-08-05T18:43:03+03:00] window 11_B_300fps done
{"sent": 4800, "achieved_fps": 400.0}
[2026-08-05T18:43:23+03:00] window 12_B_400fps done
{"sent": 6072, "achieved_fps": 501.2}
[2026-08-05T18:43:44+03:00] window 13_B_600fps done
{"sent": 6019, "achieved_fps": 501.1}
[2026-08-05T18:44:03+03:00] window 14_B_900fps done
[2026-08-05T18:44:03+03:00] revert: starting
[2026-08-05T18:44:12+03:00] revert: finished, wlan0 = inet 192.168.1.21
[2026-08-05T18:44:17+03:00] reverted OK, both deadmen disarmed
