[2026-10-09T04:12:04+03:00] deadmen armed: revert 800 s, reboot 1100 s | role=tx freq=5180 mode=full
[2026-10-09T04:12:21+03:00] frameburst before the windows: 0 (asked: 0)
[2026-10-09T04:12:21+03:00] type:  	type IBSS 	channel 36 (5180 MHz), width: 20 MHz, center1: 5180 MHz 
[2026-10-09T04:12:21+03:00] link:  Joined IBSS fe:20:f1:07:c4:1f (on wlan0) 	SSID: authbc-mesh 
[2026-10-09T04:12:21+03:00] addr:  inet 10.0.0.1 
[2026-10-09T04:12:23+03:00] PEER 10.0.0.2 REACHABLE — link formed at 5180 MHz
{"sent": 2200, "achieved_fps": 100.0, "late": 0}
[2026-10-09T04:13:26+03:00] window 00_A_100fps done
{"sent": 2200, "achieved_fps": 100.0, "late": 0}
[2026-10-09T04:13:56+03:00] window 01_A_100fps done
{"sent": 2200, "achieved_fps": 100.0, "late": 0}
[2026-10-09T04:14:26+03:00] window 02_A_100fps done
{"sent": 2200, "achieved_fps": 100.0, "late": 0}
[2026-10-09T04:14:57+03:00] window 03_A_100fps done
{"sent": 2200, "achieved_fps": 100.0, "late": 0}
[2026-10-09T04:15:26+03:00] window 04_A_100fps done
{"sent": 2200, "achieved_fps": 100.0, "late": 0}
[2026-10-09T04:15:56+03:00] window 05_A_100fps done
{"sent": 2200, "achieved_fps": 100.0, "late": 0}
[2026-10-09T04:16:26+03:00] window 06_A_100fps done
{"sent": 2200, "achieved_fps": 100.0, "late": 0}
[2026-10-09T04:16:56+03:00] window 07_A_100fps done
{"sent": 600, "achieved_fps": 50.1, "late": 0}
[2026-10-09T04:17:16+03:00] window 08_B_50fps done
{"sent": 1200, "achieved_fps": 100.1, "late": 0}
[2026-10-09T04:17:36+03:00] window 09_B_100fps done
{"sent": 2400, "achieved_fps": 200.1, "late": 0}
[2026-10-09T04:17:56+03:00] window 10_B_200fps done
{"sent": 3600, "achieved_fps": 300.1, "late": 0}
[2026-10-09T04:18:17+03:00] window 11_B_300fps done
{"sent": 4800, "achieved_fps": 400.1, "late": 0}
[2026-10-09T04:18:36+03:00] window 12_B_400fps done
{"sent": 5988, "achieved_fps": 494.4, "late": 5349}
[2026-10-09T04:18:56+03:00] window 13_B_600fps done
{"sent": 5971, "achieved_fps": 494.2, "late": 5697}
[2026-10-09T04:19:16+03:00] window 14_B_900fps done
[2026-10-09T04:19:16+03:00] frameburst after the windows: 0
[2026-10-09T04:19:16+03:00] revert: starting
[2026-10-09T04:19:28+03:00] revert: finished, wlan0 = inet 192.168.1.21
[2026-10-09T04:19:33+03:00] reverted OK, both deadmen disarmed
