[2026-10-09T04:29:19+03:00] deadmen armed: revert 800 s, reboot 1100 s | node=1/2 freq=5180 mode=full rates=400
[2026-10-09T04:29:36+03:00] frameburst before the windows: 0 (asked: 0)
[2026-10-09T04:29:36+03:00] type:  	type IBSS 	channel 36 (5180 MHz), width: 20 MHz, center1: 5180 MHz 
[2026-10-09T04:29:36+03:00] addr:  inet 10.0.0.1 
[2026-10-09T04:29:38+03:00] peer 10.0.0.2 reachable
{"sent": 5900, "achieved_fps": 267.1, "late": 5438}
{"received_unique": 5029, "senders": 1, "duplicates": 0}
[2026-10-09T04:30:44+03:00] window 00_C_400fps done
{"sent": 5976, "achieved_fps": 269.5, "late": 5298}
{"received_unique": 5213, "senders": 1, "duplicates": 0}
[2026-10-09T04:31:13+03:00] window 01_C_400fps done
{"sent": 5952, "achieved_fps": 268.5, "late": 5566}
{"received_unique": 5066, "senders": 1, "duplicates": 0}
[2026-10-09T04:31:43+03:00] window 02_C_400fps done
{"sent": 5844, "achieved_fps": 263.6, "late": 5505}
{"received_unique": 5146, "senders": 1, "duplicates": 0}
[2026-10-09T04:32:14+03:00] window 03_C_400fps done
[2026-10-09T04:32:14+03:00] frameburst after the windows: 0
[2026-10-09T04:32:14+03:00] revert: starting
[2026-10-09T04:32:26+03:00] revert: finished, wlan0 = inet 192.168.1.21
[2026-10-09T04:32:31+03:00] reverted OK, both deadmen disarmed
